Use CONNECT or CREATE DATABASE to specify a database
SQL> alter index dept_key inactive;
Statement failed, SQLCODE = -607
unsuccessful metadata update
-MODIFY RDB$INDICESS failed
-action cancelled by trigger (2) to preserve data integrity
-Cannot deactivate index used by an Integrity Constraint
SQL> commit;
SQL> insert into department values (1, 'hello');
Statement failed, SQLCODE = -803
violation of PRIMARY or UNIQUE KEY constraint "DEPT_KEY" on table "DEPARTMENT"
SQL> commit;
SQL> select * from department;

DEPT_NO DEPT_NAME            
======= ==================== 

1       d1                   
2       d2                   
3       d3                   

SQL> 